[error]SequelizeConnectionRefusedError: connect ECONNREFUSED 127.0.0.1:3306
[error]SequelizeConnectionRefusedError: connect ECONNREFUSED 127.0.0.1:3306
[error]SequelizeConnectionRefusedError: connect ECONNREFUSED 127.0.0.1:3306
